<html>
<body>
<pre>
<h1>µVision Build Log</h1>
<h2>Project:</h2>
\\VBOXSVR\workspace\balance_bike\balance_bike.uvproj
Project File Date:  06/18/2017

<h2>Output:</h2>
Rebuild target 'Target 1'
assembling cortexm3_macro.s...
assembling stm32f10x_vector.s...
compiling stm32f10x_it.c...
compiling stm32f10x_flash.c...
compiling stm32f10x_lib.c...
compiling stm32f10x_rcc.c...
compiling main.c...
linking...
Program Size: Code=456 RO-data=320 RW-data=0 ZI-data=2144  
FromELF: creating hex file...
".\obj\balance_bike.axf" - 0 Error(s), 0 Warning(s).
